---
source: src/test/integration_test.rs
expression: value
---
[
  {
    "range": {
      "end": {
        "character": 18,
        "line": 5
      },
      "start": {
        "character": 13,
        "line": 5
      }
    },
    "uri": "file://$PROJECT_ROOT/src/test/fixtures/goto/method_single.rb"
  }
]
