---
source: src/test/integration_test.rs
expression: value
---
[]
