---
source: src/test/integration_test.rs
expression: value
---
[
  {
    "range": {
      "end": {
        "character": 12,
        "line": 66
      },
      "start": {
        "character": 2,
        "line": 66
      }
    },
    "uri": "file://$PROJECT_ROOT/src/test/fixtures/method_context_resolution.rb"
  }
]
