---
source: src/test/integration_test.rs
expression: value
---
[
  {
    "range": {
      "end": {
        "character": 5,
        "line": 58
      },
      "start": {
        "character": 4,
        "line": 58
      }
    },
    "uri": "file://$PROJECT_ROOT/src/test/fixtures/basic_method_refs.rb"
  },
  {
    "range": {
      "end": {
        "character": 9,
        "line": 58
      },
      "start": {
        "character": 8,
        "line": 58
      }
    },
    "uri": "file://$PROJECT_ROOT/src/test/fixtures/basic_method_refs.rb"
  }
]
