---
source: src/test/integration_test.rs
expression: value
---
[
  {
    "range": {
      "end": {
        "character": 19,
        "line": 12
      },
      "start": {
        "character": 6,
        "line": 12
      }
    },
    "uri": "file://$PROJECT_ROOT/src/test/fixtures/goto/module_method_cross_ref.rb"
  }
]
